---
source: tests/api/get_users.rs
expression: "&actual_body"
---
[]
