---
source: tests/api/create_user.rs
expression: "&duplicate"
---
{
  "email": "first@email",
  "id": 1
}
